Reading netlist file: "C:\Users\JQ\BRS-100\Forked repo BRS-100\BRS-100-GW1NR9\build\platforms\gowin\devices\GW1NR-9\C7I6\output\BRS-100-GW1NR9\impl\gwsynthesis\BRS-100-GW1NR9.vg"
Parsing netlist file "C:\Users\JQ\BRS-100\Forked repo BRS-100\BRS-100-GW1NR9\build\platforms\gowin\devices\GW1NR-9\C7I6\output\BRS-100-GW1NR9\impl\gwsynthesis\BRS-100-GW1NR9.vg" completed
Processing netlist completed
Reading constraint file: "C:\Users\JQ\BRS-100\Forked repo BRS-100\BRS-100-GW1NR9\build\platforms\gowin\devices\GW1NR-9\C7I6\constraints\location.cst"
Physical Constraint parsed completed
Running placement......
[10%] Placement Phase 0 completed
[20%] Placement Phase 1 completed
[30%] Placement Phase 2 completed
[50%] Placement Phase 3 completed
Running routing......
[60%] Routing Phase 0 completed
[70%] Routing Phase 1 completed
[80%] Routing Phase 2 completed
[90%] Routing Phase 3 completed
Running timing analysis......
[95%] Timing analysis completed
Placement and routing completed
Bitstream generation in progress......
Bitstream generation completed
Running power analysis......
[100%] Power analysis completed
Generate file "C:\Users\JQ\BRS-100\Forked repo BRS-100\BRS-100-GW1NR9\build\platforms\gowin\devices\GW1NR-9\C7I6\output\BRS-100-GW1NR9\impl\pnr\BRS-100-GW1NR9.power.html" completed
Generate file "C:\Users\JQ\BRS-100\Forked repo BRS-100\BRS-100-GW1NR9\build\platforms\gowin\devices\GW1NR-9\C7I6\output\BRS-100-GW1NR9\impl\pnr\BRS-100-GW1NR9.pin.html" completed
Generate file "C:\Users\JQ\BRS-100\Forked repo BRS-100\BRS-100-GW1NR9\build\platforms\gowin\devices\GW1NR-9\C7I6\output\BRS-100-GW1NR9\impl\pnr\BRS-100-GW1NR9.rpt.html" completed
Generate file "C:\Users\JQ\BRS-100\Forked repo BRS-100\BRS-100-GW1NR9\build\platforms\gowin\devices\GW1NR-9\C7I6\output\BRS-100-GW1NR9\impl\pnr\BRS-100-GW1NR9.rpt.txt" completed
Generate file "C:\Users\JQ\BRS-100\Forked repo BRS-100\BRS-100-GW1NR9\build\platforms\gowin\devices\GW1NR-9\C7I6\output\BRS-100-GW1NR9\impl\pnr\BRS-100-GW1NR9.tr.html" completed
Fri Mar 20 16:39:47 2026

